// Jest Snapshot v1, https://goo.gl/fbAQLP

exports[`<Header /> component matching snapshot 1`] = `
<styled.h1>
  beer
  <span>
    list
  </span>
</styled.h1>
`;
