// Jest Snapshot v1, https://goo.gl/fbAQLP

exports[`testing HomePage with opened Modal renders without crashing 1`] = `
<styled.main
  onScroll={[Function]}
>
  <Header />
  <inject-_class-with-BeerListStore />
</styled.main>
`;
