// Jest Snapshot v1, https://goo.gl/fbAQLP

exports[`testing withError HOC should match snapshot 1`] = `
<Fragment>
  <styled.p>
    Cannot get data, probably beer that you are looking for, does not exist
  </styled.p>
</Fragment>
`;
